// Jest Snapshot v1, https://goo.gl/fbAQLP

exports[`Change Password Confirm Should render correctly 1`] = `
<div>
  <div>
    <p>
      Sua senha foi alterada corretamente, agora é só fazer o login.
    </p>
    <a
      data-testid="login-button"
      href="/login"
    >
      <button>
        Voltar ao login
      </button>
    </a>
  </div>
</div>
`;
