// Jest Snapshot v1, https://goo.gl/fbAQLP

exports[`ForgotPasswordForm Should render correctly 1`] = `
<div>
  <div
    class="container"
  >
    <h1>
      Esqueci a senha
    </h1>
    <form>
      <input
        placeholder="email"
        type="email"
      />
      <button>
        Enviar
      </button>
    </form>
  </div>
</div>
`;
