// Jest Snapshot v1, https://goo.gl/fbAQLP

exports[`Change Password page Should render correctly 1`] = `
<div>
  <div
    class="container"
  >
    <h1>
      Mudar a senha
    </h1>
    <form>
      <input
        placeholder="Nova senha"
        type="password"
      />
      <input
        placeholder="Confirme a nova senha"
        type="password"
      />
      <span>
        <input
          data-testid="show-pass"
          id="show-pass"
          name="show-pass"
          type="checkbox"
        />
        <label
          for="show-pass"
        >
          Mostrar as senhas
        </label>
      </span>
      <button>
        Redefinir a senha
      </button>
    </form>
  </div>
</div>
`;
