// Jest Snapshot v1, https://goo.gl/fbAQLP

exports[`Login Page Should render correctly 1`] = `
<div>
  <div
    class="login"
  >
    <h1>
      Login
    </h1>
    <form
      class="loginForm"
    >
      <input
        placeholder="email"
        type="email"
      />
      <input
        placeholder="senha"
        type="text"
      />
      <span
        class="rememberMe"
      >
        <input
          id="remember-me"
          name="remember-me"
          type="checkbox"
        />
        <label
          for="remember-me"
        >
          Lembre de mim
        </label>
      </span>
      <button>
        Login
      </button>
    </form>
    <button
      class="button-clear"
    >
      Esqueci minha senha
    </button>
  </div>
</div>
`;
